Archive member included because of file (symbol)

../Proj0_bsp/\libhal_bsp.a(alt_load.o)
                              ../Proj0_bsp//obj/HAL/src/crt0.o (alt_load)
../Proj0_bsp/\libhal_bsp.a(alt_main.o)
                              ../Proj0_bsp//obj/HAL/src/crt0.o (alt_main)
../Proj0_bsp/\libhal_bsp.a(alt_sys_init.o)
                              ../Proj0_bsp/\libhal_bsp.a(alt_main.o) (alt_sys_init)
../Proj0_bsp/\libhal_bsp.a(alt_dcache_flush_all.o)
                              ../Proj0_bsp/\libhal_bsp.a(alt_load.o) (alt_dcache_flush_all)
../Proj0_bsp/\libhal_bsp.a(alt_icache_flush_all.o)
                              ../Proj0_bsp/\libhal_bsp.a(alt_load.o) (alt_icache_flush_all)
../Proj0_bsp/\libhal_bsp.a(altera_nios2_qsys_irq.o)
                              ../Proj0_bsp/\libhal_bsp.a(alt_sys_init.o) (altera_nios2_qsys_irq_init)

Memory Configuration

Name             Origin             Length             Attributes
reset            0x00001000         0x00000020
onchip_memory2_0 0x00001020         0x00000fe0
*default*        0x00000000         0xffffffff

Linker script and memory map

LOAD ../Proj0_bsp//obj/HAL/src/crt0.o
                0x0000100c                exit = _exit
LOAD obj/default/hello_world_small.o
LOAD c:/altera/13.0sp1/nios2eds/bin/gnu/h-i686-mingw32/bin/../lib/gcc/nios2-elf/4.1.2/../../../../nios2-elf/lib/mno-hw-mul\libstdc++.a
LOAD c:/altera/13.0sp1/nios2eds/bin/gnu/h-i686-mingw32/bin/../lib/gcc/nios2-elf/4.1.2/../../../../nios2-elf/lib/mno-hw-mul\libm.a
LOAD c:/altera/13.0sp1/nios2eds/bin/gnu/h-i686-mingw32/bin/../lib/gcc/nios2-elf/4.1.2/mno-hw-mul\libgcc.a
START GROUP
LOAD c:/altera/13.0sp1/nios2eds/bin/gnu/h-i686-mingw32/bin/../lib/gcc/nios2-elf/4.1.2/../../../../nios2-elf/lib/mno-hw-mul\libsmallc.a
LOAD c:/altera/13.0sp1/nios2eds/bin/gnu/h-i686-mingw32/bin/../lib/gcc/nios2-elf/4.1.2/mno-hw-mul\libgcc.a
LOAD ../Proj0_bsp/\libhal_bsp.a
END GROUP
LOAD c:/altera/13.0sp1/nios2eds/bin/gnu/h-i686-mingw32/bin/../lib/gcc/nios2-elf/4.1.2/mno-hw-mul\libgcc.a
                0x00001000                __alt_mem_onchip_memory2_0 = 0x1000

.entry          0x00001000       0x20
 *(.entry)
 .entry         0x00001000       0x20 ../Proj0_bsp//obj/HAL/src/crt0.o
                0x00001000                __reset
                0x0000100c                _exit

.exceptions     0x00001020        0x0
                0x00001020                PROVIDE (__ram_exceptions_start, ABSOLUTE (.))
                0x00001020                . = ALIGN (0x20)
 *(.irq)
 *(.exceptions.entry.label)
 *(.exceptions.entry.user)
 *(.exceptions.entry)
 *(.exceptions.irqtest.user)
 *(.exceptions.irqtest)
 *(.exceptions.irqhandler.user)
 *(.exceptions.irqhandler)
 *(.exceptions.irqreturn.user)
 *(.exceptions.irqreturn)
 *(.exceptions.notirq.label)
 *(.exceptions.notirq.user)
 *(.exceptions.notirq)
 *(.exceptions.soft.user)
 *(.exceptions.soft)
 *(.exceptions.unknown.user)
 *(.exceptions.unknown)
 *(.exceptions.exit.label)
 *(.exceptions.exit.user)
 *(.exceptions.exit)
 *(.exceptions)
                0x00001020                PROVIDE (__ram_exceptions_end, ABSOLUTE (.))
                0x00001020                PROVIDE (__flash_exceptions_start, LOADADDR (.exceptions))

.text           0x00001020      0x140
                0x00001020                PROVIDE (stext, ABSOLUTE (.))
 *(.interp)
 *(.hash)
 *(.dynsym)
 *(.dynstr)
 *(.gnu.version)
 *(.gnu.version_d)
 *(.gnu.version_r)
 *(.rel.init)
 *(.rela.init)
 *(.rel.text .rel.text.* .rel.gnu.linkonce.t.*)
 *(.rela.text .rela.text.* .rela.gnu.linkonce.t.*)
 *(.rel.fini)
 *(.rela.fini)
 *(.rel.rodata .rel.rodata.* .rel.gnu.linkonce.r.*)
 *(.rela.rodata .rela.rodata.* .rela.gnu.linkonce.r.*)
 *(.rel.data .rel.data.* .rel.gnu.linkonce.d.*)
 *(.rela.data .rela.data.* .rela.gnu.linkonce.d.*)
 *(.rel.tdata .rel.tdata.* .rel.gnu.linkonce.td.*)
 *(.rela.tdata .rela.tdata.* .rela.gnu.linkonce.td.*)
 *(.rel.tbss .rel.tbss.* .rel.gnu.linkonce.tb.*)
 *(.rela.tbss .rela.tbss.* .rela.gnu.linkonce.tb.*)
 *(.rel.ctors)
 *(.rela.ctors)
 *(.rel.dtors)
 *(.rela.dtors)
 *(.rel.got)
 *(.rela.got)
 *(.rel.sdata .rel.sdata.* .rel.gnu.linkonce.s.*)
 *(.rela.sdata .rela.sdata.* .rela.gnu.linkonce.s.*)
 *(.rel.sbss .rel.sbss.* .rel.gnu.linkonce.sb.*)
 *(.rela.sbss .rela.sbss.* .rela.gnu.linkonce.sb.*)
 *(.rel.sdata2 .rel.sdata2.* .rel.gnu.linkonce.s2.*)
 *(.rela.sdata2 .rela.sdata2.* .rela.gnu.linkonce.s2.*)
 *(.rel.sbss2 .rel.sbss2.* .rel.gnu.linkonce.sb2.*)
 *(.rela.sbss2 .rela.sbss2.* .rela.gnu.linkonce.sb2.*)
 *(.rel.bss .rel.bss.* .rel.gnu.linkonce.b.*)
 *(.rela.bss .rela.bss.* .rela.gnu.linkonce.b.*)
 *(.rel.plt)
 *(.rela.plt)
 *(.rel.dyn)
 *(.init)
 *(.plt)
 *(.text .stub .text.* .gnu.linkonce.t.*)
 .text          0x00001020       0x3c ../Proj0_bsp//obj/HAL/src/crt0.o
                0x00001020                _start
 .text          0x0000105c       0x18 obj/default/hello_world_small.o
                0x0000105c                main
 .text          0x00001074       0x8c ../Proj0_bsp/\libhal_bsp.a(alt_load.o)
                0x00001094                alt_load
 .text          0x00001100       0x2c ../Proj0_bsp/\libhal_bsp.a(alt_main.o)
                0x00001100                alt_main
 .text          0x0000112c       0x24 ../Proj0_bsp/\libhal_bsp.a(alt_sys_init.o)
                0x0000112c                alt_sys_init
                0x00001130                alt_irq_init
 .text          0x00001150        0x4 ../Proj0_bsp/\libhal_bsp.a(alt_dcache_flush_all.o)
                0x00001150                alt_dcache_flush_all
 .text          0x00001154        0x4 ../Proj0_bsp/\libhal_bsp.a(alt_icache_flush_all.o)
                0x00001154                alt_icache_flush_all
 .text          0x00001158        0x8 ../Proj0_bsp/\libhal_bsp.a(altera_nios2_qsys_irq.o)
                0x00001158                altera_nios2_qsys_irq_init
 *(.gnu.warning.*)
 *(.fini)
                0x00001160                PROVIDE (__etext, ABSOLUTE (.))
                0x00001160                PROVIDE (_etext, ABSOLUTE (.))
                0x00001160                PROVIDE (etext, ABSOLUTE (.))
 *(.eh_frame_hdr)
                0x00001160                . = ALIGN (0x4)
                0x00001160                PROVIDE (__preinit_array_start, ABSOLUTE (.))
 *(.preinit_array)
                0x00001160                PROVIDE (__preinit_array_end, ABSOLUTE (.))
                0x00001160                PROVIDE (__init_array_start, ABSOLUTE (.))
 *(.init_array)
                0x00001160                PROVIDE (__init_array_end, ABSOLUTE (.))
                0x00001160                PROVIDE (__fini_array_start, ABSOLUTE (.))
 *(.fini_array)
                0x00001160                PROVIDE (__fini_array_end, ABSOLUTE (.))
 *(.eh_frame)
 *(.gcc_except_table)
 *(.dynamic)
                0x00001160                PROVIDE (__CTOR_LIST__, ABSOLUTE (.))
 *(.ctors)
 *(SORT(.ctors.*))
                0x00001160                PROVIDE (__CTOR_END__, ABSOLUTE (.))
                0x00001160                PROVIDE (__DTOR_LIST__, ABSOLUTE (.))
 *(.dtors)
 *(SORT(.dtors.*))
                0x00001160                PROVIDE (__DTOR_END__, ABSOLUTE (.))
 *(.jcr)
                0x00001160                . = ALIGN (0x4)

.rodata         0x00001160        0x0
                0x00001160                PROVIDE (__ram_rodata_start, ABSOLUTE (.))
                0x00001160                . = ALIGN (0x4)
 *(.rodata .rodata.* .gnu.linkonce.r.*)
 *(.rodata1)
                0x00001160                . = ALIGN (0x4)
                0x00001160                PROVIDE (__ram_rodata_end, ABSOLUTE (.))
                0x00001160                PROVIDE (__flash_rodata_start, LOADADDR (.rodata))

.rwdata         0x00001160        0x4 load address 0x00001164
                0x00001160                PROVIDE (__ram_rwdata_start, ABSOLUTE (.))
                0x00001160                . = ALIGN (0x4)
 *(.got.plt)
 *(.got)
 *(.data1)
 *(.data .data.* .gnu.linkonce.d.*)
 .data          0x00001160        0x0 ../Proj0_bsp//obj/HAL/src/crt0.o
 .data          0x00001160        0x0 obj/default/hello_world_small.o
 .data          0x00001160        0x0 ../Proj0_bsp/\libhal_bsp.a(alt_load.o)
 .data          0x00001160        0x0 ../Proj0_bsp/\libhal_bsp.a(alt_main.o)
 .data          0x00001160        0x0 ../Proj0_bsp/\libhal_bsp.a(alt_sys_init.o)
 .data          0x00001160        0x0 ../Proj0_bsp/\libhal_bsp.a(alt_dcache_flush_all.o)
 .data          0x00001160        0x0 ../Proj0_bsp/\libhal_bsp.a(alt_icache_flush_all.o)
 .data          0x00001160        0x0 ../Proj0_bsp/\libhal_bsp.a(altera_nios2_qsys_irq.o)
                0x00009160                _gp = ABSOLUTE ((. + 0x8000))
                0x00009160                PROVIDE (gp, _gp)
 *(.rwdata .rwdata.*)
 *(.sdata .sdata.* .gnu.linkonce.s.*)
 .sdata         0x00001160        0x4 ../Proj0_bsp/\libhal_bsp.a(alt_sys_init.o)
                0x00001160                jtag_uart_0
 *(.sdata2 .sdata2.* .gnu.linkonce.s2.*)
                0x00001164                . = ALIGN (0x4)
                0x00001164                _edata = ABSOLUTE (.)
                0x00001164                PROVIDE (edata, ABSOLUTE (.))
                0x00001164                PROVIDE (__ram_rwdata_end, ABSOLUTE (.))
                0x00001164                PROVIDE (__flash_rwdata_start, LOADADDR (.rwdata))

.bss            0x00001168        0xc
                0x00001168                __bss_start = ABSOLUTE (.)
                0x00001168                PROVIDE (__sbss_start, ABSOLUTE (.))
                0x00001168                PROVIDE (___sbss_start, ABSOLUTE (.))
 *(.dynsbss)
 *(.sbss .sbss.* .gnu.linkonce.sb.*)
 .sbss          0x00001168        0xc ../Proj0_bsp/\libhal_bsp.a(alt_main.o)
                0x00001168                alt_argc
                0x0000116c                alt_argv
                0x00001170                alt_envp
 *(.sbss2 .sbss2.* .gnu.linkonce.sb2.*)
 *(.scommon)
                0x00001174                PROVIDE (__sbss_end, ABSOLUTE (.))
                0x00001174                PROVIDE (___sbss_end, ABSOLUTE (.))
 *(.dynbss)
 *(.bss .bss.* .gnu.linkonce.b.*)
 .bss           0x00001174        0x0 ../Proj0_bsp//obj/HAL/src/crt0.o
 .bss           0x00001174        0x0 obj/default/hello_world_small.o
 .bss           0x00001174        0x0 ../Proj0_bsp/\libhal_bsp.a(alt_load.o)
 .bss           0x00001174        0x0 ../Proj0_bsp/\libhal_bsp.a(alt_main.o)
 .bss           0x00001174        0x0 ../Proj0_bsp/\libhal_bsp.a(alt_sys_init.o)
 .bss           0x00001174        0x0 ../Proj0_bsp/\libhal_bsp.a(alt_dcache_flush_all.o)
 .bss           0x00001174        0x0 ../Proj0_bsp/\libhal_bsp.a(alt_icache_flush_all.o)
 .bss           0x00001174        0x0 ../Proj0_bsp/\libhal_bsp.a(altera_nios2_qsys_irq.o)
 *(COMMON)
                0x00001174                . = ALIGN (0x4)
                0x00001174                __bss_end = ABSOLUTE (.)

.onchip_memory2_0
                0x00001174        0x0
                0x00001174                PROVIDE (_alt_partition_onchip_memory2_0_start, ABSOLUTE (.))
 *(.onchip_memory2_0. onchip_memory2_0.*)
                0x00001174                . = ALIGN (0x4)
                0x00001174                PROVIDE (_alt_partition_onchip_memory2_0_end, ABSOLUTE (.))
                0x00001174                _end = ABSOLUTE (.)
                0x00001174                end = ABSOLUTE (.)
                0x00001174                __alt_stack_base = ABSOLUTE (.)
                0x00001174                PROVIDE (_alt_partition_onchip_memory2_0_load_addr, LOADADDR (.onchip_memory2_0))

.stab
 *(.stab)

.stabstr
 *(.stabstr)

.stab.excl
 *(.stab.excl)

.stab.exclstr
 *(.stab.exclstr)

.stab.index
 *(.stab.index)

.stab.indexstr
 *(.stab.indexstr)

.comment        0x00000000       0x26
 *(.comment)
 .comment       0x00000000       0x26 obj/default/hello_world_small.o
                                 0x27 (size before relaxing)
 .comment       0x00000000       0x27 ../Proj0_bsp/\libhal_bsp.a(alt_load.o)
 .comment       0x00000000       0x27 ../Proj0_bsp/\libhal_bsp.a(alt_main.o)
 .comment       0x00000000       0x27 ../Proj0_bsp/\libhal_bsp.a(alt_sys_init.o)
 .comment       0x00000000       0x27 ../Proj0_bsp/\libhal_bsp.a(alt_dcache_flush_all.o)
 .comment       0x00000000       0x27 ../Proj0_bsp/\libhal_bsp.a(alt_icache_flush_all.o)
 .comment       0x00000000       0x27 ../Proj0_bsp/\libhal_bsp.a(altera_nios2_qsys_irq.o)

.debug
 *(.debug)

.line
 *(.line)

.debug_srcinfo
 *(.debug_srcinfo)

.debug_sfnames
 *(.debug_sfnames)

.debug_aranges  0x00000000      0x108
 *(.debug_aranges)
 .debug_aranges
                0x00000000       0x28 ../Proj0_bsp//obj/HAL/src/crt0.o
 .debug_aranges
                0x00000028       0x20 obj/default/hello_world_small.o
 .debug_aranges
                0x00000048       0x20 ../Proj0_bsp/\libhal_bsp.a(alt_load.o)
 .debug_aranges
                0x00000068       0x20 ../Proj0_bsp/\libhal_bsp.a(alt_main.o)
 .debug_aranges
                0x00000088       0x20 ../Proj0_bsp/\libhal_bsp.a(alt_sys_init.o)
 .debug_aranges
                0x000000a8       0x20 ../Proj0_bsp/\libhal_bsp.a(alt_dcache_flush_all.o)
 .debug_aranges
                0x000000c8       0x20 ../Proj0_bsp/\libhal_bsp.a(alt_icache_flush_all.o)
 .debug_aranges
                0x000000e8       0x20 ../Proj0_bsp/\libhal_bsp.a(altera_nios2_qsys_irq.o)

.debug_pubnames
                0x00000000      0x14b
 *(.debug_pubnames)
 .debug_pubnames
                0x00000000       0x1b obj/default/hello_world_small.o
 .debug_pubnames
                0x0000001b       0x1f ../Proj0_bsp/\libhal_bsp.a(alt_load.o)
 .debug_pubnames
                0x0000003a       0x46 ../Proj0_bsp/\libhal_bsp.a(alt_main.o)
 .debug_pubnames
                0x00000080       0x44 ../Proj0_bsp/\libhal_bsp.a(alt_sys_init.o)
 .debug_pubnames
                0x000000c4       0x2b ../Proj0_bsp/\libhal_bsp.a(alt_dcache_flush_all.o)
 .debug_pubnames
                0x000000ef       0x2b ../Proj0_bsp/\libhal_bsp.a(alt_icache_flush_all.o)
 .debug_pubnames
                0x0000011a       0x31 ../Proj0_bsp/\libhal_bsp.a(altera_nios2_qsys_irq.o)

.debug_info     0x00000000      0x64e
 *(.debug_info .gnu.linkonce.wi.*)
 .debug_info    0x00000000       0x4c ../Proj0_bsp//obj/HAL/src/crt0.o
 .debug_info    0x0000004c       0x8b obj/default/hello_world_small.o
 .debug_info    0x000000d7      0x12e ../Proj0_bsp/\libhal_bsp.a(alt_load.o)
 .debug_info    0x00000205      0x125 ../Proj0_bsp/\libhal_bsp.a(alt_main.o)
 .debug_info    0x0000032a      0x17d ../Proj0_bsp/\libhal_bsp.a(alt_sys_init.o)
 .debug_info    0x000004a7       0x8d ../Proj0_bsp/\libhal_bsp.a(alt_dcache_flush_all.o)
 .debug_info    0x00000534       0x8d ../Proj0_bsp/\libhal_bsp.a(alt_icache_flush_all.o)
 .debug_info    0x000005c1       0x8d ../Proj0_bsp/\libhal_bsp.a(altera_nios2_qsys_irq.o)

.debug_abbrev   0x00000000      0x33d
 *(.debug_abbrev)
 .debug_abbrev  0x00000000       0x12 ../Proj0_bsp//obj/HAL/src/crt0.o
 .debug_abbrev  0x00000012       0x4e obj/default/hello_world_small.o
 .debug_abbrev  0x00000060       0x97 ../Proj0_bsp/\libhal_bsp.a(alt_load.o)
 .debug_abbrev  0x000000f7       0xa6 ../Proj0_bsp/\libhal_bsp.a(alt_main.o)
 .debug_abbrev  0x0000019d       0xe3 ../Proj0_bsp/\libhal_bsp.a(alt_sys_init.o)
 .debug_abbrev  0x00000280       0x3f ../Proj0_bsp/\libhal_bsp.a(alt_dcache_flush_all.o)
 .debug_abbrev  0x000002bf       0x3f ../Proj0_bsp/\libhal_bsp.a(alt_icache_flush_all.o)
 .debug_abbrev  0x000002fe       0x3f ../Proj0_bsp/\libhal_bsp.a(altera_nios2_qsys_irq.o)

.debug_line     0x00000000      0xdf9
 *(.debug_line)
 .debug_line    0x00000000       0x66 ../Proj0_bsp//obj/HAL/src/crt0.o
 .debug_line    0x00000066       0xfc obj/default/hello_world_small.o
 .debug_line    0x00000162      0x217 ../Proj0_bsp/\libhal_bsp.a(alt_load.o)
 .debug_line    0x00000379      0x2c2 ../Proj0_bsp/\libhal_bsp.a(alt_main.o)
 .debug_line    0x0000063b      0x286 ../Proj0_bsp/\libhal_bsp.a(alt_sys_init.o)
 .debug_line    0x000008c1      0x1b5 ../Proj0_bsp/\libhal_bsp.a(alt_dcache_flush_all.o)
 .debug_line    0x00000a76      0x1b5 ../Proj0_bsp/\libhal_bsp.a(alt_icache_flush_all.o)
 .debug_line    0x00000c2b      0x1ce ../Proj0_bsp/\libhal_bsp.a(altera_nios2_qsys_irq.o)

.debug_frame    0x00000000      0x118
 *(.debug_frame)
 .debug_frame   0x00000000       0x20 obj/default/hello_world_small.o
 .debug_frame   0x00000020       0x38 ../Proj0_bsp/\libhal_bsp.a(alt_load.o)
 .debug_frame   0x00000058       0x28 ../Proj0_bsp/\libhal_bsp.a(alt_main.o)
 .debug_frame   0x00000080       0x38 ../Proj0_bsp/\libhal_bsp.a(alt_sys_init.o)
 .debug_frame   0x000000b8       0x20 ../Proj0_bsp/\libhal_bsp.a(alt_dcache_flush_all.o)
 .debug_frame   0x000000d8       0x20 ../Proj0_bsp/\libhal_bsp.a(alt_icache_flush_all.o)
 .debug_frame   0x000000f8       0x20 ../Proj0_bsp/\libhal_bsp.a(altera_nios2_qsys_irq.o)

.debug_str      0x00000000      0x361
 *(.debug_str)
 .debug_str     0x00000000       0x8c obj/default/hello_world_small.o
                                 0xb8 (size before relaxing)
 .debug_str     0x0000008c      0x10c ../Proj0_bsp/\libhal_bsp.a(alt_load.o)
                                0x1a1 (size before relaxing)
 .debug_str     0x00000198       0x75 ../Proj0_bsp/\libhal_bsp.a(alt_main.o)
                                0x125 (size before relaxing)
 .debug_str     0x0000020d       0xb1 ../Proj0_bsp/\libhal_bsp.a(alt_sys_init.o)
                                0x19a (size before relaxing)
 .debug_str     0x000002be       0x34 ../Proj0_bsp/\libhal_bsp.a(alt_dcache_flush_all.o)
                                 0xe4 (size before relaxing)
 .debug_str     0x000002f2       0x34 ../Proj0_bsp/\libhal_bsp.a(alt_icache_flush_all.o)
                                 0xe4 (size before relaxing)
 .debug_str     0x00000326       0x3b ../Proj0_bsp/\libhal_bsp.a(altera_nios2_qsys_irq.o)
                                 0xeb (size before relaxing)

.debug_loc      0x00000000       0x70
 *(.debug_loc)
 .debug_loc     0x00000000       0x1f ../Proj0_bsp/\libhal_bsp.a(alt_load.o)
 .debug_loc     0x0000001f       0x1f ../Proj0_bsp/\libhal_bsp.a(alt_main.o)
 .debug_loc     0x0000003e       0x32 ../Proj0_bsp/\libhal_bsp.a(alt_sys_init.o)

.debug_macinfo
 *(.debug_macinfo)

.debug_weaknames
 *(.debug_weaknames)

.debug_funcnames
 *(.debug_funcnames)

.debug_typenames
 *(.debug_typenames)

.debug_varnames
 *(.debug_varnames)

.debug_alt_sim_info
                0x00000000       0x10
 *(.debug_alt_sim_info)
 .debug_alt_sim_info
                0x00000000       0x10 ../Proj0_bsp//obj/HAL/src/crt0.o
                0x00002000                __alt_data_end = 0x2000
                0x00002000                PROVIDE (__alt_stack_pointer, __alt_data_end)
                0x00001174                PROVIDE (__alt_stack_limit, __alt_stack_base)
                0x00001174                PROVIDE (__alt_heap_start, end)
                0x00002000                PROVIDE (__alt_heap_limit, 0x2000)
OUTPUT(Proj0.elf elf32-littlenios2)

.debug_ranges   0x00000000       0x20
 .debug_ranges  0x00000000       0x20 ../Proj0_bsp//obj/HAL/src/crt0.o
